First building id/name, followed by Enter: Second building id/name, followed by Enter: Unknown building: [Louis Rubin Memorial Aproach]
First building id/name, followed by Enter: Second building id/name, followed by Enter: Unknown building: [Panera Bread]
First building id/name, followed by Enter: Second building id/name, followed by Enter: Unknown building: [Louis Rubin Memorial Aproach]
Unknown building: [Panera Bread]
First building id/name, followed by Enter: Second building id/name, followed by Enter: Unknown building: [200]
Unknown building: [222]
First building id/name, followed by Enter: Second building id/name, followed by Enter: Unknown building: [201]
First building id/name, followed by Enter: Second building id/name, followed by Enter: Unknown building: [333]
First building id/name, followed by Enter: Second building id/name, followed by Enter: Path from OGE to Academy Hall:
	Walk S to (Intersection 108)
	Walk S to (Intersection 106)
	Walk S to (Intersection 140)
	Walk S to (Intersection 139)
	Walk S to (Intersection 102)
	Walk W to (Academy Hall)
Total distance: 784.958 pixel units.
First building id/name, followed by Enter: Second building id/name, followed by Enter: Unknown building: [92]
First building id/name, followed by Enter: Second building id/name, followed by Enter: Unknown building: [95]
Unknown building: [97]
First building id/name, followed by Enter: Second building id/name, followed by Enter: Unknown building: [98]
First building id/name, followed by Enter: Second building id/name, followed by Enter: Unknown building: [99]

